#-----------------------------------------------------------
# Vivado v2018.2 (64-bit)
# SW Build 2258646 on Thu Jun 14 20:02:38 MDT 2018
# IP Build 2256618 on Thu Jun 14 22:10:49 MDT 2018
# Start of session at: Thu Sep 27 12:48:17 2018
# Process ID: 5426
# Current directory: /home/comparch/Documents/Lab0
# Command line: vivado
# Log file: /home/comparch/Documents/Lab0/vivado.log
# Journal file: /home/comparch/Documents/Lab0/vivado.jou
#-----------------------------------------------------------
start_gui
open_project /home/comparch/Documents/Lab0/lab_0/lab_0.xpr
update_compile_order -fileset sources_1
open_hw
connect_hw_server
disconnect_hw_server localhost:3121
connect_hw_server
open_hw_target
set_property PROGRAM.FILE {/home/comparch/Documents/Lab0/lab_0/lab_0.runs/impl_1/lab0_wrapper.bit} [get_hw_devices xc7z010_1]
current_hw_device [get_hw_devices xc7z010_1]
refresh_hw_device -update_hw_probes false [lindex [get_hw_devices xc7z010_1] 0]
set_property PROBES.FILE {} [get_hw_devices xc7z010_1]
set_property FULL_PROBES.FILE {} [get_hw_devices xc7z010_1]
set_property PROGRAM.FILE {/home/comparch/Documents/Lab0/lab_0/lab_0.runs/impl_1/lab0_wrapper.bit} [get_hw_devices xc7z010_1]
program_hw_devices [get_hw_devices xc7z010_1]
refresh_hw_device [lindex [get_hw_devices xc7z010_1] 0]
close_hw
